------------------------------------------------------------
Timing Analyzer Summary
------------------------------------------------------------

Type  : Slow 1100mV 100C Model Setup 'clk'
Slack : 0.508
TNS   : 0.000

Type  : Slow 1100mV 100C Model Hold 'clk'
Slack : 0.363
TNS   : 0.000

Type  : Slow 1100mV 100C Model Minimum Pulse Width 'clk'
Slack : 4.286
TNS   : 0.000

Type  : Slow 1100mV -40C Model Setup 'clk'
Slack : 0.630
TNS   : 0.000

Type  : Slow 1100mV -40C Model Hold 'clk'
Slack : 0.325
TNS   : 0.000

Type  : Slow 1100mV -40C Model Minimum Pulse Width 'clk'
Slack : 4.146
TNS   : 0.000

Type  : Fast 1100mV 100C Model Setup 'clk'
Slack : 4.225
TNS   : 0.000

Type  : Fast 1100mV 100C Model Hold 'clk'
Slack : 0.149
TNS   : 0.000

Type  : Fast 1100mV 100C Model Minimum Pulse Width 'clk'
Slack : 4.411
TNS   : 0.000

Type  : Fast 1100mV -40C Model Setup 'clk'
Slack : 5.278
TNS   : 0.000

Type  : Fast 1100mV -40C Model Hold 'clk'
Slack : 0.135
TNS   : 0.000

Type  : Fast 1100mV -40C Model Minimum Pulse Width 'clk'
Slack : 4.413
TNS   : 0.000

------------------------------------------------------------
