Analysis & Synthesis report for expanda_memory
Thu Oct  8 17:16:08 2026
Quartus Prime Version 23.1std.1 Build 993 05/14/2024 SC Lite Edition


---------------------
; Table of Contents ;
---------------------
  1. Legal Notice
  2. Analysis & Synthesis Summary
  3. Analysis & Synthesis Settings
  4. Parallel Compilation
  5. Analysis & Synthesis Source Files Read
  6. Analysis & Synthesis Resource Usage Summary
  7. Analysis & Synthesis Resource Utilization by Entity
  8. Analysis & Synthesis RAM Summary
  9. State Machine - |expanda_integrated_top|ctrl_state
 10. State Machine - |expanda_integrated_top|expanda_stream_top:core|state
 11. State Machine - |expanda_integrated_top|expanda_stream_top:core|expanda_rejection_sampler:sampler|byte_index
 12. State Machine - |expanda_integrated_top|shared_shake128_mem:shake|perm_return
 13. State Machine - |expanda_integrated_top|shared_shake128_mem:shake|fsm
 14. Registers Removed During Synthesis
 15. General Register Statistics
 16. Registers Packed Into Inferred Megafunctions
 17. Multiplexer Restructuring Statistics (Restructuring Performed)
 18. Source assignments for expanda_stream_top:core|expanda_row_buffer:buffer|altsyncram:memory_rtl_0|altsyncram_24q1:auto_generated
 19. Parameter Settings for User Entity Instance: expanda_word_to_byte:serializer
 20. Parameter Settings for Inferred Entity Instance: expanda_stream_top:core|expanda_row_buffer:buffer|altsyncram:memory_rtl_0
 21. altsyncram Parameter Settings by Entity Instance
 22. Port Connectivity Checks: "expanda_stream_top:core|expanda_row_buffer:buffer"
 23. Port Connectivity Checks: "expanda_stream_top:core|expanda_rejection_sampler:sampler"
 24. Port Connectivity Checks: "shared_shake128_mem:shake"
 25. Post-Synthesis Netlist Statistics for Top Partition
 26. Elapsed Time Per Partition
 27. Analysis & Synthesis Messages



----------------
; Legal Notice ;
----------------
Copyright (C) 2024  Intel Corporation. All rights reserved.
Your use of Intel Corporation's design tools, logic functions 
and other software and tools, and any partner logic 
functions, and any output files from any of the foregoing 
(including device programming or simulation files), and any 
associated documentation or information are expressly subject 
to the terms and conditions of the Intel Program License 
Subscription Agreement, the Intel Quartus Prime License Agreement,
the Intel FPGA IP License Agreement, or other applicable license
agreement, including, without limitation, that your use is for
the sole purpose of programming logic devices manufactured by
Intel and sold by Intel or its authorized distributors.  Please
refer to the applicable agreement for further details, at
https://fpgasoftware.intel.com/eula.



+----------------------------------------------------------------------------------+
; Analysis & Synthesis Summary                                                     ;
+---------------------------------+------------------------------------------------+
; Analysis & Synthesis Status     ; Successful - Thu Oct  8 17:16:07 2026          ;
; Quartus Prime Version           ; 23.1std.1 Build 993 05/14/2024 SC Lite Edition ;
; Revision Name                   ; expanda_memory                                 ;
; Top-level Entity Name           ; expanda_integrated_top                         ;
; Family                          ; Cyclone V                                      ;
; Logic utilization (in ALMs)     ; N/A                                            ;
; Total registers                 ; 2717                                           ;
; Total pins                      ; 373                                            ;
; Total virtual pins              ; 0                                              ;
; Total block memory bits         ; 24,320                                         ;
; Total DSP Blocks                ; 0                                              ;
; Total HSSI RX PCSs              ; 0                                              ;
; Total HSSI PMA RX Deserializers ; 0                                              ;
; Total HSSI TX PCSs              ; 0                                              ;
; Total HSSI PMA TX Serializers   ; 0                                              ;
; Total PLLs                      ; 0                                              ;
; Total DLLs                      ; 0                                              ;
+---------------------------------+------------------------------------------------+


+-------------------------------------------------------------------------------------------------------------------------------+
; Analysis & Synthesis Settings                                                                                                 ;
+---------------------------------------------------------------------------------+------------------------+--------------------+
; Option                                                                          ; Setting                ; Default Value      ;
+---------------------------------------------------------------------------------+------------------------+--------------------+
; Device                                                                          ; 5CSEBA6U23I7           ;                    ;
; Top-level entity name                                                           ; expanda_integrated_top ; expanda_memory     ;
; Family name                                                                     ; Cyclone V              ; Cyclone V          ;
; Maximum processors allowed for parallel compilation                             ; 2                      ;                    ;
; Use smart compilation                                                           ; Off                    ; Off                ;
; Enable parallel Assembler and Timing Analyzer during compilation                ; On                     ; On                 ;
; Enable compact report table                                                     ; Off                    ; Off                ;
; Restructure Multiplexers                                                        ; Auto                   ; Auto               ;
; MLAB Add Timing Constraints For Mixed-Port Feed-Through Mode Setting Don't Care ; Off                    ; Off                ;
; Create Debugging Nodes for IP Cores                                             ; Off                    ; Off                ;
; Preserve fewer node names                                                       ; On                     ; On                 ;
; Intel FPGA IP Evaluation Mode                                                   ; Enable                 ; Enable             ;
; Verilog Version                                                                 ; Verilog_2001           ; Verilog_2001       ;
; VHDL Version                                                                    ; VHDL_1993              ; VHDL_1993          ;
; State Machine Processing                                                        ; Auto                   ; Auto               ;
; Safe State Machine                                                              ; Off                    ; Off                ;
; Extract Verilog State Machines                                                  ; On                     ; On                 ;
; Extract VHDL State Machines                                                     ; On                     ; On                 ;
; Ignore Verilog initial constructs                                               ; Off                    ; Off                ;
; Iteration limit for constant Verilog loops                                      ; 5000                   ; 5000               ;
; Iteration limit for non-constant Verilog loops                                  ; 250                    ; 250                ;
; Add Pass-Through Logic to Inferred RAMs                                         ; On                     ; On                 ;
; Infer RAMs from Raw Logic                                                       ; On                     ; On                 ;
; Parallel Synthesis                                                              ; On                     ; On                 ;
; DSP Block Balancing                                                             ; Auto                   ; Auto               ;
; NOT Gate Push-Back                                                              ; On                     ; On                 ;
; Power-Up Don't Care                                                             ; On                     ; On                 ;
; Remove Redundant Logic Cells                                                    ; Off                    ; Off                ;
; Remove Duplicate Registers                                                      ; On                     ; On                 ;
; Ignore CARRY Buffers                                                            ; Off                    ; Off                ;
; Ignore CASCADE Buffers                                                          ; Off                    ; Off                ;
; Ignore GLOBAL Buffers                                                           ; Off                    ; Off                ;
; Ignore ROW GLOBAL Buffers                                                       ; Off                    ; Off                ;
; Ignore LCELL Buffers                                                            ; Off                    ; Off                ;
; Ignore SOFT Buffers                                                             ; On                     ; On                 ;
; Limit AHDL Integers to 32 Bits                                                  ; Off                    ; Off                ;
; Optimization Technique                                                          ; Balanced               ; Balanced           ;
; Carry Chain Length                                                              ; 70                     ; 70                 ;
; Auto Carry Chains                                                               ; On                     ; On                 ;
; Auto Open-Drain Pins                                                            ; On                     ; On                 ;
; Perform WYSIWYG Primitive Resynthesis                                           ; Off                    ; Off                ;
; Auto ROM Replacement                                                            ; On                     ; On                 ;
; Auto RAM Replacement                                                            ; On                     ; On                 ;
; Auto DSP Block Replacement                                                      ; On                     ; On                 ;
; Auto Shift Register Replacement                                                 ; Auto                   ; Auto               ;
; Allow Shift Register Merging across Hierarchies                                 ; Auto                   ; Auto               ;
; Auto Clock Enable Replacement                                                   ; On                     ; On                 ;
; Strict RAM Replacement                                                          ; Off                    ; Off                ;
; Allow Synchronous Control Signals                                               ; On                     ; On                 ;
; Force Use of Synchronous Clear Signals                                          ; Off                    ; Off                ;
; Auto Resource Sharing                                                           ; Off                    ; Off                ;
; Allow Any RAM Size For Recognition                                              ; Off                    ; Off                ;
; Allow Any ROM Size For Recognition                                              ; Off                    ; Off                ;
; Allow Any Shift Register Size For Recognition                                   ; Off                    ; Off                ;
; Use LogicLock Constraints during Resource Balancing                             ; On                     ; On                 ;
; Ignore translate_off and synthesis_off directives                               ; Off                    ; Off                ;
; Timing-Driven Synthesis                                                         ; On                     ; On                 ;
; Report Parameter Settings                                                       ; On                     ; On                 ;
; Report Source Assignments                                                       ; On                     ; On                 ;
; Report Connectivity Checks                                                      ; On                     ; On                 ;
; Ignore Maximum Fan-Out Assignments                                              ; Off                    ; Off                ;
; Synchronization Register Chain Length                                           ; 3                      ; 3                  ;
; Power Optimization During Synthesis                                             ; Normal compilation     ; Normal compilation ;
; HDL message level                                                               ; Level2                 ; Level2             ;
; Suppress Register Optimization Related Messages                                 ; Off                    ; Off                ;
; Number of Removed Registers Reported in Synthesis Report                        ; 5000                   ; 5000               ;
; Number of Swept Nodes Reported in Synthesis Report                              ; 5000                   ; 5000               ;
; Number of Inverted Registers Reported in Synthesis Report                       ; 100                    ; 100                ;
; Clock MUX Protection                                                            ; On                     ; On                 ;
; Auto Gated Clock Conversion                                                     ; Off                    ; Off                ;
; Block Design Naming                                                             ; Auto                   ; Auto               ;
; SDC constraint protection                                                       ; Off                    ; Off                ;
; Synthesis Effort                                                                ; Auto                   ; Auto               ;
; Shift Register Replacement - Allow Asynchronous Clear Signal                    ; On                     ; On                 ;
; Pre-Mapping Resynthesis Optimization                                            ; Off                    ; Off                ;
; Analysis & Synthesis Message Level                                              ; Medium                 ; Medium             ;
; Disable Register Merging Across Hierarchies                                     ; Auto                   ; Auto               ;
; Resource Aware Inference For Block RAM                                          ; On                     ; On                 ;
; Automatic Parallel Synthesis                                                    ; On                     ; On                 ;
; Partial Reconfiguration Bitstream ID                                            ; Off                    ; Off                ;
+---------------------------------------------------------------------------------+------------------------+--------------------+


+------------------------------------------+
; Parallel Compilation                     ;
+----------------------------+-------------+
; Processors                 ; Number      ;
+----------------------------+-------------+
; Number detected on machine ; 8           ;
; Maximum allowed            ; 2           ;
;                            ;             ;
; Average used               ; 1.23        ;
; Maximum used               ; 2           ;
;                            ;             ;
; Usage by Processor         ; % Time Used ;
;     Processor 1            ; 100.0%      ;
;     Processor 2            ;  23.3%      ;
+----------------------------+-------------+


+---------------------------------------------------------------------------------------------------------------------------------------------------------------------------------------------------------------------------------------------+
; Analysis & Synthesis Source Files Read                                                                                                                                                                                                      ;
+--------------------------------------------------------------------------+-----------------+------------------------------+-------------------------------------------------------------------------------------------------------+---------+
; File Name with User-Entered Path                                         ; Used in Netlist ; File Type                    ; File Name with Absolute Path                                                                          ; Library ;
+--------------------------------------------------------------------------+-----------------+------------------------------+-------------------------------------------------------------------------------------------------------+---------+
; ../../rtl/expanda_integrated_top.sv                                      ; yes             ; User SystemVerilog HDL File  ; C:/Users/Angelina/Documents/ML_DSA/rtl/expanda_integrated_top.sv                                      ;         ;
; ../../rtl/expanda_rejection_sampler.sv                                   ; yes             ; User SystemVerilog HDL File  ; C:/Users/Angelina/Documents/ML_DSA/rtl/expanda_rejection_sampler.sv                                   ;         ;
; ../../rtl/expanda_row_buffer.sv                                          ; yes             ; User SystemVerilog HDL File  ; C:/Users/Angelina/Documents/ML_DSA/rtl/expanda_row_buffer.sv                                          ;         ;
; ../../rtl/expanda_stream_top.sv                                          ; yes             ; User SystemVerilog HDL File  ; C:/Users/Angelina/Documents/ML_DSA/rtl/expanda_stream_top.sv                                          ;         ;
; ../../rtl/expanda_word_to_byte.sv                                        ; yes             ; User SystemVerilog HDL File  ; C:/Users/Angelina/Documents/ML_DSA/rtl/expanda_word_to_byte.sv                                        ;         ;
; ../../third_party/shake128_package/shake128_memory/shared_shake128_mem.v ; yes             ; User Verilog HDL File        ; C:/Users/Angelina/Documents/ML_DSA/third_party/shake128_package/shake128_memory/shared_shake128_mem.v ;         ;
; altsyncram.tdf                                                           ; yes             ; Megafunction                 ; c:/intelfpga_lite/23.1std/quartus/libraries/megafunctions/altsyncram.tdf                              ;         ;
; stratix_ram_block.inc                                                    ; yes             ; Megafunction                 ; c:/intelfpga_lite/23.1std/quartus/libraries/megafunctions/stratix_ram_block.inc                       ;         ;
; lpm_mux.inc                                                              ; yes             ; Megafunction                 ; c:/intelfpga_lite/23.1std/quartus/libraries/megafunctions/lpm_mux.inc                                 ;         ;
; lpm_decode.inc                                                           ; yes             ; Megafunction                 ; c:/intelfpga_lite/23.1std/quartus/libraries/megafunctions/lpm_decode.inc                              ;         ;
; aglobal231.inc                                                           ; yes             ; Megafunction                 ; c:/intelfpga_lite/23.1std/quartus/libraries/megafunctions/aglobal231.inc                              ;         ;
; a_rdenreg.inc                                                            ; yes             ; Megafunction                 ; c:/intelfpga_lite/23.1std/quartus/libraries/megafunctions/a_rdenreg.inc                               ;         ;
; altrom.inc                                                               ; yes             ; Megafunction                 ; c:/intelfpga_lite/23.1std/quartus/libraries/megafunctions/altrom.inc                                  ;         ;
; altram.inc                                                               ; yes             ; Megafunction                 ; c:/intelfpga_lite/23.1std/quartus/libraries/megafunctions/altram.inc                                  ;         ;
; altdpram.inc                                                             ; yes             ; Megafunction                 ; c:/intelfpga_lite/23.1std/quartus/libraries/megafunctions/altdpram.inc                                ;         ;
; db/altsyncram_24q1.tdf                                                   ; yes             ; Auto-Generated Megafunction  ; C:/Users/Angelina/Documents/ML_DSA/results/quartus_memory/db/altsyncram_24q1.tdf                      ;         ;
+--------------------------------------------------------------------------+-----------------+------------------------------+-------------------------------------------------------------------------------------------------------+---------+


+---------------------------------------------------------+
; Analysis & Synthesis Resource Usage Summary             ;
+---------------------------------------------+-----------+
; Resource                                    ; Usage     ;
+---------------------------------------------+-----------+
; Estimate of Logic utilization (ALMs needed) ; 5660      ;
;                                             ;           ;
; Combinational ALUT usage for logic          ; 6581      ;
;     -- 7 input functions                    ; 19        ;
;     -- 6 input functions                    ; 4489      ;
;     -- 5 input functions                    ; 1066      ;
;     -- 4 input functions                    ; 553       ;
;     -- <=3 input functions                  ; 454       ;
;                                             ;           ;
; Dedicated logic registers                   ; 2717      ;
;                                             ;           ;
; I/O pins                                    ; 373       ;
; Total MLAB memory bits                      ; 0         ;
; Total block memory bits                     ; 24320     ;
;                                             ;           ;
; Total DSP Blocks                            ; 0         ;
;                                             ;           ;
; Maximum fan-out node                        ; clk~input ;
; Maximum fan-out                             ; 2812      ;
; Total fan-out                               ; 49390     ;
; Average fan-out                             ; 4.87      ;
+---------------------------------------------+-----------+


+-------------------------------------------------------------------------------------------------------------------------------------------------------------------------------------------------------------------------------------------------------------------------------------------------------------------------------------+
; Analysis & Synthesis Resource Utilization by Entity                                                                                                                                                                                                                                                                                 ;
+----------------------------------------------+---------------------+---------------------------+-------------------+------------+------+--------------+----------------------------------------------------------------------------------------------------------------------------------+---------------------------+--------------+
; Compilation Hierarchy Node                   ; Combinational ALUTs ; Dedicated Logic Registers ; Block Memory Bits ; DSP Blocks ; Pins ; Virtual Pins ; Full Hierarchy Name                                                                                                              ; Entity Name               ; Library Name ;
+----------------------------------------------+---------------------+---------------------------+-------------------+------------+------+--------------+----------------------------------------------------------------------------------------------------------------------------------+---------------------------+--------------+
; |expanda_integrated_top                      ; 6581 (30)           ; 2717 (9)                  ; 24320             ; 0          ; 373  ; 0            ; |expanda_integrated_top                                                                                                          ; expanda_integrated_top    ; work         ;
;    |expanda_stream_top:core|                 ; 129 (94)            ; 399 (344)                 ; 24320             ; 0          ; 0    ; 0            ; |expanda_integrated_top|expanda_stream_top:core                                                                                  ; expanda_stream_top        ; work         ;
;       |expanda_rejection_sampler:sampler|    ; 33 (33)             ; 54 (54)                   ; 0                 ; 0          ; 0    ; 0            ; |expanda_integrated_top|expanda_stream_top:core|expanda_rejection_sampler:sampler                                                ; expanda_rejection_sampler ; work         ;
;       |expanda_row_buffer:buffer|            ; 2 (2)               ; 1 (1)                     ; 24320             ; 0          ; 0    ; 0            ; |expanda_integrated_top|expanda_stream_top:core|expanda_row_buffer:buffer                                                        ; expanda_row_buffer        ; work         ;
;          |altsyncram:memory_rtl_0|           ; 0 (0)               ; 0 (0)                     ; 24320             ; 0          ; 0    ; 0            ; |expanda_integrated_top|expanda_stream_top:core|expanda_row_buffer:buffer|altsyncram:memory_rtl_0                                ; altsyncram                ; work         ;
;             |altsyncram_24q1:auto_generated| ; 0 (0)               ; 0 (0)                     ; 24320             ; 0          ; 0    ; 0            ; |expanda_integrated_top|expanda_stream_top:core|expanda_row_buffer:buffer|altsyncram:memory_rtl_0|altsyncram_24q1:auto_generated ; altsyncram_24q1           ; work         ;
;    |expanda_word_to_byte:serializer|         ; 48 (48)             ; 133 (133)                 ; 0                 ; 0          ; 0    ; 0            ; |expanda_integrated_top|expanda_word_to_byte:serializer                                                                          ; expanda_word_to_byte      ; work         ;
;    |shared_shake128_mem:shake|               ; 6374 (6374)         ; 2176 (2176)               ; 0                 ; 0          ; 0    ; 0            ; |expanda_integrated_top|shared_shake128_mem:shake                                                                                ; shared_shake128_mem       ; work         ;
+----------------------------------------------+---------------------+---------------------------+-------------------+------------+------+--------------+----------------------------------------------------------------------------------------------------------------------------------+---------------------------+--------------+
Note: For table entries with two numbers listed, the numbers in parentheses indicate the number of resources of the given type used by the specific entity alone. The numbers listed outside of parentheses indicate the total resources of the given type used by the specific entity and all of its sub-entities in the hierarchy.


+--------------------------------------------------------------------------------------------------------------------------------------------------------------------------------------------------------------------------+
; Analysis & Synthesis RAM Summary                                                                                                                                                                                         ;
+---------------------------------------------------------------------------------------------------------------------+------+------------------+--------------+--------------+--------------+--------------+-------+------+
; Name                                                                                                                ; Type ; Mode             ; Port A Depth ; Port A Width ; Port B Depth ; Port B Width ; Size  ; MIF  ;
+---------------------------------------------------------------------------------------------------------------------+------+------------------+--------------+--------------+--------------+--------------+-------+------+
; expanda_stream_top:core|expanda_row_buffer:buffer|altsyncram:memory_rtl_0|altsyncram_24q1:auto_generated|ALTSYNCRAM ; AUTO ; Simple Dual Port ; 256          ; 95           ; 256          ; 95           ; 24320 ; None ;
+---------------------------------------------------------------------------------------------------------------------+------+------------------+--------------+--------------+--------------+--------------+-------+------+


Encoding Type:  One-Hot
+-------------------------------------------------------------------------------------------------------------------------------------------------------------------------------------+
; State Machine - |expanda_integrated_top|ctrl_state                                                                                                                                  ;
+----------------------------+-------------------------+----------------------------+--------------------------+------------------------+----------------------+----------------------+
; Name                       ; ctrl_state.CTRL_SQUEEZE ; ctrl_state.CTRL_WAIT_FINAL ; ctrl_state.CTRL_FINALIZE ; ctrl_state.CTRL_ABSORB ; ctrl_state.CTRL_INIT ; ctrl_state.CTRL_IDLE ;
+----------------------------+-------------------------+----------------------------+--------------------------+------------------------+----------------------+----------------------+
; ctrl_state.CTRL_IDLE       ; 0                       ; 0                          ; 0                        ; 0                      ; 0                    ; 0                    ;
; ctrl_state.CTRL_INIT       ; 0                       ; 0                          ; 0                        ; 0                      ; 1                    ; 1                    ;
; ctrl_state.CTRL_ABSORB     ; 0                       ; 0                          ; 0                        ; 1                      ; 0                    ; 1                    ;
; ctrl_state.CTRL_FINALIZE   ; 0                       ; 0                          ; 1                        ; 0                      ; 0                    ; 1                    ;
; ctrl_state.CTRL_WAIT_FINAL ; 0                       ; 1                          ; 0                        ; 0                      ; 0                    ; 1                    ;
; ctrl_state.CTRL_SQUEEZE    ; 1                       ; 0                          ; 0                        ; 0                      ; 0                    ; 1                    ;
+----------------------------+-------------------------+----------------------------+--------------------------+------------------------+----------------------+----------------------+


Encoding Type:  One-Hot
+-------------------------------------------------------------------------+
; State Machine - |expanda_integrated_top|expanda_stream_top:core|state   ;
+---------------+---------------+------------+---------------+------------+
; Name          ; state.PUBLISH ; state.FILL ; state.REQUEST ; state.IDLE ;
+---------------+---------------+------------+---------------+------------+
; state.IDLE    ; 0             ; 0          ; 0             ; 0          ;
; state.REQUEST ; 0             ; 0          ; 1             ; 1          ;
; state.FILL    ; 0             ; 1          ; 0             ; 1          ;
; state.PUBLISH ; 1             ; 0          ; 0             ; 1          ;
+---------------+---------------+------------+---------------+------------+


Encoding Type:  One-Hot
+--------------------------------------------------------------------------------------------------------------+
; State Machine - |expanda_integrated_top|expanda_stream_top:core|expanda_rejection_sampler:sampler|byte_index ;
+---------------+---------------+---------------+--------------------------------------------------------------+
; Name          ; byte_index.00 ; byte_index.10 ; byte_index.01                                                ;
+---------------+---------------+---------------+--------------------------------------------------------------+
; byte_index.00 ; 0             ; 0             ; 0                                                            ;
; byte_index.01 ; 1             ; 0             ; 1                                                            ;
; byte_index.10 ; 1             ; 1             ; 0                                                            ;
+---------------+---------------+---------------+--------------------------------------------------------------+


Encoding Type:  One-Hot
+----------------------------------------------------------------------------------------------+
; State Machine - |expanda_integrated_top|shared_shake128_mem:shake|perm_return                ;
+------------------------+------------------------+--------------------+-----------------------+
; Name                   ; perm_return.RET_ABSORB ; perm_return.RET_SQ ; perm_return.RET_FINAL ;
+------------------------+------------------------+--------------------+-----------------------+
; perm_return.RET_ABSORB ; 0                      ; 0                  ; 0                     ;
; perm_return.RET_FINAL  ; 1                      ; 0                  ; 1                     ;
; perm_return.RET_SQ     ; 1                      ; 1                  ; 0                     ;
+------------------------+------------------------+--------------------+-----------------------+


Encoding Type:  One-Hot
+--------------------------------------------------------------------------------------------------------------------------------------------------------------------------------------------------------------------------------------------------------------------------------------------------------------+
; State Machine - |expanda_integrated_top|shared_shake128_mem:shake|fsm                                                                                                                                                                                                                                        ;
+--------------------+--------------+-----------------+----------------+----------------+-------------+------------------+-----------------+-----------------+-----------------+--------------------+------------------+-------------------+-----------------+-------------------+---------------+-------------+
; Name               ; fsm.ST_ERROR ; fsm.ST_SQ_VALID ; fsm.ST_SQ_READ ; fsm.ST_SQ_IDLE ; fsm.ST_IOTA ; fsm.ST_CHI_WRITE ; fsm.ST_CHI_LOAD ; fsm.ST_RPI_MOVE ; fsm.ST_RPI_LOAD ; fsm.ST_THETA_WRITE ; fsm.ST_THETA_ACC ; fsm.ST_PERM_START ; fsm.ST_PAD_LAST ; fsm.ST_PAD_SUFFIX ; fsm.ST_ABSORB ; fsm.ST_IDLE ;
+--------------------+--------------+-----------------+----------------+----------------+-------------+------------------+-----------------+-----------------+-----------------+--------------------+------------------+-------------------+-----------------+-------------------+---------------+-------------+
; fsm.ST_IDLE        ; 0            ; 0               ; 0              ; 0              ; 0           ; 0                ; 0               ; 0               ; 0               ; 0                  ; 0                ; 0                 ; 0               ; 0                 ; 0             ; 0           ;
; fsm.ST_ABSORB      ; 0            ; 0               ; 0              ; 0              ; 0           ; 0                ; 0               ; 0               ; 0               ; 0                  ; 0                ; 0                 ; 0               ; 0                 ; 1             ; 1           ;
; fsm.ST_PAD_SUFFIX  ; 0            ; 0               ; 0              ; 0              ; 0           ; 0                ; 0               ; 0               ; 0               ; 0                  ; 0                ; 0                 ; 0               ; 1                 ; 0             ; 1           ;
; fsm.ST_PAD_LAST    ; 0            ; 0               ; 0              ; 0              ; 0           ; 0                ; 0               ; 0               ; 0               ; 0                  ; 0                ; 0                 ; 1               ; 0                 ; 0             ; 1           ;
; fsm.ST_PERM_START  ; 0            ; 0               ; 0              ; 0              ; 0           ; 0                ; 0               ; 0               ; 0               ; 0                  ; 0                ; 1                 ; 0               ; 0                 ; 0             ; 1           ;
; fsm.ST_THETA_ACC   ; 0            ; 0               ; 0              ; 0              ; 0           ; 0                ; 0               ; 0               ; 0               ; 0                  ; 1                ; 0                 ; 0               ; 0                 ; 0             ; 1           ;
; fsm.ST_THETA_WRITE ; 0            ; 0               ; 0              ; 0              ; 0           ; 0                ; 0               ; 0               ; 0               ; 1                  ; 0                ; 0                 ; 0               ; 0                 ; 0             ; 1           ;
; fsm.ST_RPI_LOAD    ; 0            ; 0               ; 0              ; 0              ; 0           ; 0                ; 0               ; 0               ; 1               ; 0                  ; 0                ; 0                 ; 0               ; 0                 ; 0             ; 1           ;
; fsm.ST_RPI_MOVE    ; 0            ; 0               ; 0              ; 0              ; 0           ; 0                ; 0               ; 1               ; 0               ; 0                  ; 0                ; 0                 ; 0               ; 0                 ; 0             ; 1           ;
; fsm.ST_CHI_LOAD    ; 0            ; 0               ; 0              ; 0              ; 0           ; 0                ; 1               ; 0               ; 0               ; 0                  ; 0                ; 0                 ; 0               ; 0                 ; 0             ; 1           ;
; fsm.ST_CHI_WRITE   ; 0            ; 0               ; 0              ; 0              ; 0           ; 1                ; 0               ; 0               ; 0               ; 0                  ; 0                ; 0                 ; 0               ; 0                 ; 0             ; 1           ;
; fsm.ST_IOTA        ; 0            ; 0               ; 0              ; 0              ; 1           ; 0                ; 0               ; 0               ; 0               ; 0                  ; 0                ; 0                 ; 0               ; 0                 ; 0             ; 1           ;
; fsm.ST_SQ_IDLE     ; 0            ; 0               ; 0              ; 1              ; 0           ; 0                ; 0               ; 0               ; 0               ; 0                  ; 0                ; 0                 ; 0               ; 0                 ; 0             ; 1           ;
; fsm.ST_SQ_READ     ; 0            ; 0               ; 1              ; 0              ; 0           ; 0                ; 0               ; 0               ; 0               ; 0                  ; 0                ; 0                 ; 0               ; 0                 ; 0             ; 1           ;
; fsm.ST_SQ_VALID    ; 0            ; 1               ; 0              ; 0              ; 0           ; 0                ; 0               ; 0               ; 0               ; 0                  ; 0                ; 0                 ; 0               ; 0                 ; 0             ; 1           ;
; fsm.ST_ERROR       ; 1            ; 0               ; 0              ; 0              ; 0           ; 0                ; 0               ; 0               ; 0               ; 0                  ; 0                ; 0                 ; 0               ; 0                 ; 0             ; 1           ;
+--------------------+--------------+-----------------+----------------+----------------+-------------+------------------+-----------------+-----------------+-----------------+--------------------+------------------+-------------------+-----------------+-------------------+---------------+-------------+


+----------------------------------------------------------------------------------------------------------+
; Registers Removed During Synthesis                                                                       ;
+-----------------------------------------------------------------+----------------------------------------+
; Register name                                                   ; Reason for Removal                     ;
+-----------------------------------------------------------------+----------------------------------------+
; expanda_stream_top:core|expanda_row_buffer:buffer|read_data[95] ; Stuck at GND due to stuck port data_in ;
; expanda_stream_top:core|packed_word[47]                         ; Stuck at GND due to stuck port data_in ;
; ctrl_state~3                                                    ; Lost fanout                            ;
; ctrl_state~4                                                    ; Lost fanout                            ;
; ctrl_state~5                                                    ; Lost fanout                            ;
; expanda_stream_top:core|state~2                                 ; Lost fanout                            ;
; expanda_stream_top:core|state~3                                 ; Lost fanout                            ;
; shared_shake128_mem:shake|fsm~14                                ; Lost fanout                            ;
; shared_shake128_mem:shake|fsm~15                                ; Lost fanout                            ;
; shared_shake128_mem:shake|fsm~16                                ; Lost fanout                            ;
; shared_shake128_mem:shake|fsm~17                                ; Lost fanout                            ;
; Total Number of Removed Registers = 11                          ;                                        ;
+-----------------------------------------------------------------+----------------------------------------+


+------------------------------------------------------+
; General Register Statistics                          ;
+----------------------------------------------+-------+
; Statistic                                    ; Value ;
+----------------------------------------------+-------+
; Total registers                              ; 2717  ;
; Number of registers using Synchronous Clear  ; 2469  ;
; Number of registers using Synchronous Load   ; 395   ;
; Number of registers using Asynchronous Clear ; 0     ;
; Number of registers using Asynchronous Load  ; 0     ;
; Number of registers using Clock Enable       ; 2637  ;
; Number of registers using Preset             ; 0     ;
+----------------------------------------------+-------+


+--------------------------------------------------------------------------------------------------------------------------------------------+
; Registers Packed Into Inferred Megafunctions                                                                                               ;
+--------------------------------------------------------------------+----------------------------------------------------------------+------+
; Register Name                                                      ; Megafunction                                                   ; Type ;
+--------------------------------------------------------------------+----------------------------------------------------------------+------+
; expanda_stream_top:core|expanda_row_buffer:buffer|read_data[0..94] ; expanda_stream_top:core|expanda_row_buffer:buffer|memory_rtl_0 ; RAM  ;
+--------------------------------------------------------------------+----------------------------------------------------------------+------+


+-------------------------------------------------------------------------------------------------------------------------------------------------------------------------------------------------------------------+
; Multiplexer Restructuring Statistics (Restructuring Performed)                                                                                                                                                    ;
+--------------------+-----------+---------------+----------------------+------------------------+------------+-----------------------------------------------------------------------------------------------------+
; Multiplexer Inputs ; Bus Width ; Baseline Area ; Area if Restructured ; Saving if Restructured ; Registered ; Example Multiplexer Output                                                                          ;
+--------------------+-----------+---------------+----------------------+------------------------+------------+-----------------------------------------------------------------------------------------------------+
; 3:1                ; 10 bits   ; 20 LEs        ; 0 LEs                ; 20 LEs                 ; Yes        ; |expanda_integrated_top|shared_shake128_mem:shake|round_index[0]                                    ;
; 3:1                ; 23 bits   ; 46 LEs        ; 0 LEs                ; 46 LEs                 ; Yes        ; |expanda_integrated_top|expanda_stream_top:core|expanda_rejection_sampler:sampler|coeff_data[19]    ;
; 3:1                ; 128 bits  ; 256 LEs       ; 0 LEs                ; 256 LEs                ; Yes        ; |expanda_integrated_top|expanda_word_to_byte:serializer|held_word[116]                              ;
; 3:1                ; 256 bits  ; 512 LEs       ; 0 LEs                ; 512 LEs                ; Yes        ; |expanda_integrated_top|expanda_stream_top:core|xof_rho[160]                                        ;
; 4:1                ; 9 bits    ; 18 LEs        ; 0 LEs                ; 18 LEs                 ; Yes        ; |expanda_integrated_top|expanda_stream_top:core|expanda_rejection_sampler:sampler|accepted_count[0] ;
; 4:1                ; 8 bits    ; 16 LEs        ; 0 LEs                ; 16 LEs                 ; Yes        ; |expanda_integrated_top|expanda_stream_top:core|expanda_rejection_sampler:sampler|candidate_low[3]  ;
; 4:1                ; 8 bits    ; 16 LEs        ; 0 LEs                ; 16 LEs                 ; Yes        ; |expanda_integrated_top|expanda_stream_top:core|expanda_rejection_sampler:sampler|candidate_low[12] ;
; 5:1                ; 3 bits    ; 9 LEs         ; 6 LEs                ; 3 LEs                  ; Yes        ; |expanda_integrated_top|shared_shake128_mem:shake|in_remaining[0]                                   ;
; 5:1                ; 2 bits    ; 6 LEs         ; 4 LEs                ; 2 LEs                  ; Yes        ; |expanda_integrated_top|shared_shake128_mem:shake|in_remaining[1]                                   ;
; 5:1                ; 4 bits    ; 12 LEs        ; 8 LEs                ; 4 LEs                  ; Yes        ; |expanda_integrated_top|expanda_word_to_byte:serializer|index[0]                                    ;
; 6:1                ; 2 bits    ; 8 LEs         ; 4 LEs                ; 4 LEs                  ; Yes        ; |expanda_integrated_top|expanda_stream_top:core|row_index[1]                                        ;
; 7:1                ; 4 bits    ; 16 LEs        ; 8 LEs                ; 8 LEs                  ; Yes        ; |expanda_integrated_top|shared_shake128_mem:shake|out_fill[0]                                       ;
; 7:1                ; 2 bits    ; 8 LEs         ; 4 LEs                ; 4 LEs                  ; Yes        ; |expanda_integrated_top|input_word[0]                                                               ;
; 7:1                ; 5 bits    ; 20 LEs        ; 10 LEs               ; 10 LEs                 ; Yes        ; |expanda_integrated_top|shared_shake128_mem:shake|row_base[0]                                       ;
; 8:1                ; 2 bits    ; 10 LEs        ; 4 LEs                ; 6 LEs                  ; Yes        ; |expanda_integrated_top|expanda_stream_top:core|xof_col[1]                                          ;
; 8:1                ; 8 bits    ; 40 LEs        ; 0 LEs                ; 40 LEs                 ; Yes        ; |expanda_integrated_top|shared_shake128_mem:shake|byte_pos[5]                                       ;
; 36:1               ; 64 bits   ; 1536 LEs      ; 1024 LEs             ; 512 LEs                ; Yes        ; |expanda_integrated_top|shared_shake128_mem:shake|rpi_carry[29]                                     ;
; 10:1               ; 5 bits    ; 30 LEs        ; 15 LEs               ; 15 LEs                 ; Yes        ; |expanda_integrated_top|shared_shake128_mem:shake|lane_index[0]                                     ;
; 10:1               ; 5 bits    ; 30 LEs        ; 15 LEs               ; 15 LEs                 ; Yes        ; |expanda_integrated_top|shared_shake128_mem:shake|io_word[10]                                       ;
; 10:1               ; 7 bits    ; 42 LEs        ; 21 LEs               ; 21 LEs                 ; Yes        ; |expanda_integrated_top|shared_shake128_mem:shake|io_word[18]                                       ;
; 10:1               ; 7 bits    ; 42 LEs        ; 21 LEs               ; 21 LEs                 ; Yes        ; |expanda_integrated_top|shared_shake128_mem:shake|io_word[26]                                       ;
; 10:1               ; 7 bits    ; 42 LEs        ; 21 LEs               ; 21 LEs                 ; Yes        ; |expanda_integrated_top|shared_shake128_mem:shake|io_word[34]                                       ;
; 10:1               ; 7 bits    ; 42 LEs        ; 21 LEs               ; 21 LEs                 ; Yes        ; |expanda_integrated_top|shared_shake128_mem:shake|io_word[43]                                       ;
; 10:1               ; 7 bits    ; 42 LEs        ; 21 LEs               ; 21 LEs                 ; Yes        ; |expanda_integrated_top|shared_shake128_mem:shake|io_word[51]                                       ;
; 10:1               ; 7 bits    ; 42 LEs        ; 21 LEs               ; 21 LEs                 ; Yes        ; |expanda_integrated_top|shared_shake128_mem:shake|io_word[59]                                       ;
; 10:1               ; 7 bits    ; 42 LEs        ; 21 LEs               ; 21 LEs                 ; Yes        ; |expanda_integrated_top|shared_shake128_mem:shake|io_word[64]                                       ;
; 10:1               ; 7 bits    ; 42 LEs        ; 21 LEs               ; 21 LEs                 ; Yes        ; |expanda_integrated_top|shared_shake128_mem:shake|io_word[76]                                       ;
; 10:1               ; 7 bits    ; 42 LEs        ; 21 LEs               ; 21 LEs                 ; Yes        ; |expanda_integrated_top|shared_shake128_mem:shake|io_word[81]                                       ;
; 10:1               ; 7 bits    ; 42 LEs        ; 21 LEs               ; 21 LEs                 ; Yes        ; |expanda_integrated_top|shared_shake128_mem:shake|io_word[88]                                       ;
; 10:1               ; 7 bits    ; 42 LEs        ; 21 LEs               ; 21 LEs                 ; Yes        ; |expanda_integrated_top|shared_shake128_mem:shake|io_word[100]                                      ;
; 10:1               ; 7 bits    ; 42 LEs        ; 21 LEs               ; 21 LEs                 ; Yes        ; |expanda_integrated_top|shared_shake128_mem:shake|io_word[105]                                      ;
; 10:1               ; 7 bits    ; 42 LEs        ; 21 LEs               ; 21 LEs                 ; Yes        ; |expanda_integrated_top|shared_shake128_mem:shake|io_word[115]                                      ;
; 10:1               ; 7 bits    ; 42 LEs        ; 21 LEs               ; 21 LEs                 ; Yes        ; |expanda_integrated_top|shared_shake128_mem:shake|io_word[122]                                      ;
; 10:1               ; 6 bits    ; 36 LEs        ; 18 LEs               ; 18 LEs                 ; Yes        ; |expanda_integrated_top|shared_shake128_mem:shake|io_word[7]                                        ;
; 16:1               ; 63 bits   ; 630 LEs       ; 252 LEs              ; 378 LEs                ; Yes        ; |expanda_integrated_top|shared_shake128_mem:shake|scratch[23]                                       ;
; 12:1               ; 3 bits    ; 24 LEs        ; 12 LEs               ; 12 LEs                 ; Yes        ; |expanda_integrated_top|shared_shake128_mem:shake|column_index[1]                                   ;
; 16:1               ; 63 bits   ; 630 LEs       ; 252 LEs              ; 378 LEs                ; Yes        ; |expanda_integrated_top|shared_shake128_mem:shake|scratch[313]                                      ;
; 12:1               ; 2 bits    ; 16 LEs        ; 8 LEs                ; 8 LEs                  ; Yes        ; |expanda_integrated_top|shared_shake128_mem:shake|io_word[9]                                        ;
; 40:1               ; 63 bits   ; 1638 LEs      ; 1008 LEs             ; 630 LEs                ; Yes        ; |expanda_integrated_top|shared_shake128_mem:shake|scratch[100]                                      ;
; 40:1               ; 63 bits   ; 1638 LEs      ; 1008 LEs             ; 630 LEs                ; Yes        ; |expanda_integrated_top|shared_shake128_mem:shake|scratch[222]                                      ;
; 15:1               ; 63 bits   ; 630 LEs       ; 252 LEs              ; 378 LEs                ; Yes        ; |expanda_integrated_top|shared_shake128_mem:shake|a[117]                                            ;
; 15:1               ; 63 bits   ; 630 LEs       ; 252 LEs              ; 378 LEs                ; Yes        ; |expanda_integrated_top|shared_shake128_mem:shake|a[183]                                            ;
; 15:1               ; 63 bits   ; 630 LEs       ; 252 LEs              ; 378 LEs                ; Yes        ; |expanda_integrated_top|shared_shake128_mem:shake|a[208]                                            ;
; 15:1               ; 63 bits   ; 630 LEs       ; 252 LEs              ; 378 LEs                ; Yes        ; |expanda_integrated_top|shared_shake128_mem:shake|a[257]                                            ;
; 15:1               ; 63 bits   ; 630 LEs       ; 252 LEs              ; 378 LEs                ; Yes        ; |expanda_integrated_top|shared_shake128_mem:shake|a[365]                                            ;
; 15:1               ; 63 bits   ; 630 LEs       ; 252 LEs              ; 378 LEs                ; Yes        ; |expanda_integrated_top|shared_shake128_mem:shake|a[386]                                            ;
; 15:1               ; 63 bits   ; 630 LEs       ; 252 LEs              ; 378 LEs                ; Yes        ; |expanda_integrated_top|shared_shake128_mem:shake|a[459]                                            ;
; 15:1               ; 63 bits   ; 630 LEs       ; 252 LEs              ; 378 LEs                ; Yes        ; |expanda_integrated_top|shared_shake128_mem:shake|a[555]                                            ;
; 15:1               ; 63 bits   ; 630 LEs       ; 252 LEs              ; 378 LEs                ; Yes        ; |expanda_integrated_top|shared_shake128_mem:shake|a[583]                                            ;
; 15:1               ; 63 bits   ; 630 LEs       ; 252 LEs              ; 378 LEs                ; Yes        ; |expanda_integrated_top|shared_shake128_mem:shake|a[696]                                            ;
; 15:1               ; 63 bits   ; 630 LEs       ; 252 LEs              ; 378 LEs                ; Yes        ; |expanda_integrated_top|shared_shake128_mem:shake|a[723]                                            ;
; 15:1               ; 63 bits   ; 630 LEs       ; 252 LEs              ; 378 LEs                ; Yes        ; |expanda_integrated_top|shared_shake128_mem:shake|a[772]                                            ;
; 15:1               ; 63 bits   ; 630 LEs       ; 252 LEs              ; 378 LEs                ; Yes        ; |expanda_integrated_top|shared_shake128_mem:shake|a[861]                                            ;
; 15:1               ; 63 bits   ; 630 LEs       ; 252 LEs              ; 378 LEs                ; Yes        ; |expanda_integrated_top|shared_shake128_mem:shake|a[955]                                            ;
; 15:1               ; 63 bits   ; 630 LEs       ; 252 LEs              ; 378 LEs                ; Yes        ; |expanda_integrated_top|shared_shake128_mem:shake|a[1008]                                           ;
; 15:1               ; 63 bits   ; 630 LEs       ; 252 LEs              ; 378 LEs                ; Yes        ; |expanda_integrated_top|shared_shake128_mem:shake|a[1048]                                           ;
; 15:1               ; 63 bits   ; 630 LEs       ; 252 LEs              ; 378 LEs                ; Yes        ; |expanda_integrated_top|shared_shake128_mem:shake|a[1111]                                           ;
; 15:1               ; 63 bits   ; 630 LEs       ; 252 LEs              ; 378 LEs                ; Yes        ; |expanda_integrated_top|shared_shake128_mem:shake|a[1194]                                           ;
; 15:1               ; 63 bits   ; 630 LEs       ; 252 LEs              ; 378 LEs                ; Yes        ; |expanda_integrated_top|shared_shake128_mem:shake|a[1246]                                           ;
; 15:1               ; 63 bits   ; 630 LEs       ; 252 LEs              ; 378 LEs                ; Yes        ; |expanda_integrated_top|shared_shake128_mem:shake|a[1296]                                           ;
; 15:1               ; 63 bits   ; 630 LEs       ; 252 LEs              ; 378 LEs                ; Yes        ; |expanda_integrated_top|shared_shake128_mem:shake|a[1400]                                           ;
; 15:1               ; 63 bits   ; 630 LEs       ; 252 LEs              ; 378 LEs                ; Yes        ; |expanda_integrated_top|shared_shake128_mem:shake|a[1409]                                           ;
; 15:1               ; 63 bits   ; 630 LEs       ; 252 LEs              ; 378 LEs                ; Yes        ; |expanda_integrated_top|shared_shake128_mem:shake|a[1498]                                           ;
; 15:1               ; 63 bits   ; 630 LEs       ; 252 LEs              ; 378 LEs                ; Yes        ; |expanda_integrated_top|shared_shake128_mem:shake|a[1582]                                           ;
; 16:1               ; 57 bits   ; 570 LEs       ; 228 LEs              ; 342 LEs                ; Yes        ; |expanda_integrated_top|shared_shake128_mem:shake|a[48]                                             ;
; 16:1               ; 6 bits    ; 60 LEs        ; 30 LEs               ; 30 LEs                 ; Yes        ; |expanda_integrated_top|shared_shake128_mem:shake|a[31]                                             ;
; 36:1               ; 63 bits   ; 1512 LEs      ; 1008 LEs             ; 504 LEs                ; Yes        ; |expanda_integrated_top|shared_shake128_mem:shake|scratch[143]                                      ;
; 4:1                ; 384 bits  ; 768 LEs       ; 768 LEs              ; 0 LEs                  ; No         ; |expanda_integrated_top|shared_shake128_mem:shake|Mux315                                            ;
; 4:1                ; 57 bits   ; 114 LEs       ; 114 LEs              ; 0 LEs                  ; No         ; |expanda_integrated_top|shared_shake128_mem:shake|ShiftLeft2                                        ;
; 4:1                ; 57 bits   ; 114 LEs       ; 114 LEs              ; 0 LEs                  ; No         ; |expanda_integrated_top|shared_shake128_mem:shake|ShiftRight0                                       ;
; 4:1                ; 4 bits    ; 8 LEs         ; 8 LEs                ; 0 LEs                  ; No         ; |expanda_integrated_top|shared_shake128_mem:shake|ShiftLeft2                                        ;
; 4:1                ; 4 bits    ; 8 LEs         ; 8 LEs                ; 0 LEs                  ; No         ; |expanda_integrated_top|shared_shake128_mem:shake|ShiftLeft2                                        ;
; 4:1                ; 36 bits   ; 72 LEs        ; 72 LEs               ; 0 LEs                  ; No         ; |expanda_integrated_top|shared_shake128_mem:shake|ShiftLeft2                                        ;
; 4:1                ; 16 bits   ; 32 LEs        ; 32 LEs               ; 0 LEs                  ; No         ; |expanda_integrated_top|shared_shake128_mem:shake|ShiftLeft2                                        ;
; 4:1                ; 16 bits   ; 32 LEs        ; 32 LEs               ; 0 LEs                  ; No         ; |expanda_integrated_top|shared_shake128_mem:shake|ShiftLeft2                                        ;
; 4:1                ; 4 bits    ; 8 LEs         ; 8 LEs                ; 0 LEs                  ; No         ; |expanda_integrated_top|shared_shake128_mem:shake|ShiftRight0                                       ;
; 4:1                ; 4 bits    ; 8 LEs         ; 8 LEs                ; 0 LEs                  ; No         ; |expanda_integrated_top|shared_shake128_mem:shake|ShiftRight0                                       ;
; 4:1                ; 36 bits   ; 72 LEs        ; 72 LEs               ; 0 LEs                  ; No         ; |expanda_integrated_top|shared_shake128_mem:shake|ShiftRight0                                       ;
; 3:1                ; 16 bits   ; 32 LEs        ; 32 LEs               ; 0 LEs                  ; No         ; |expanda_integrated_top|shared_shake128_mem:shake|ShiftRight0                                       ;
; 8:1                ; 64 bits   ; 320 LEs       ; 256 LEs              ; 64 LEs                 ; No         ; |expanda_integrated_top|shared_shake128_mem:shake|Mux26                                             ;
; 4:1                ; 3 bits    ; 6 LEs         ; 6 LEs                ; 0 LEs                  ; No         ; |expanda_integrated_top|expanda_stream_top:core|expanda_rejection_sampler:sampler|byte_index        ;
; 8:1                ; 64 bits   ; 320 LEs       ; 256 LEs              ; 64 LEs                 ; No         ; |expanda_integrated_top|shared_shake128_mem:shake|Mux635                                            ;
; 8:1                ; 64 bits   ; 320 LEs       ; 256 LEs              ; 64 LEs                 ; No         ; |expanda_integrated_top|shared_shake128_mem:shake|Mux186                                            ;
; 5:1                ; 16 bits   ; 48 LEs        ; 32 LEs               ; 16 LEs                 ; No         ; |expanda_integrated_top|shared_shake128_mem:shake|ShiftRight0                                       ;
; 5:1                ; 16 bits   ; 48 LEs        ; 48 LEs               ; 0 LEs                  ; No         ; |expanda_integrated_top|shared_shake128_mem:shake|ShiftRight0                                       ;
; 8:1                ; 64 bits   ; 320 LEs       ; 256 LEs              ; 64 LEs                 ; No         ; |expanda_integrated_top|shared_shake128_mem:shake|Mux673                                            ;
; 16:1               ; 8 bits    ; 80 LEs        ; 80 LEs               ; 0 LEs                  ; No         ; |expanda_integrated_top|expanda_word_to_byte:serializer|Mux6                                        ;
; 7:1                ; 12 bits   ; 48 LEs        ; 48 LEs               ; 0 LEs                  ; No         ; |expanda_integrated_top|shared_shake128_mem:shake|ShiftLeft2                                        ;
; 32:1               ; 64 bits   ; 1344 LEs      ; 1152 LEs             ; 192 LEs                ; No         ; |expanda_integrated_top|shared_shake128_mem:shake|Mux87                                             ;
; 32:1               ; 64 bits   ; 1344 LEs      ; 1152 LEs             ; 192 LEs                ; No         ; |expanda_integrated_top|shared_shake128_mem:shake|Mux710                                            ;
; 8:1                ; 8 bits    ; 40 LEs        ; 40 LEs               ; 0 LEs                  ; No         ; |expanda_integrated_top|shared_shake128_mem:shake|ShiftRight1                                       ;
; 8:1                ; 12 bits   ; 60 LEs        ; 60 LEs               ; 0 LEs                  ; No         ; |expanda_integrated_top|shared_shake128_mem:shake|ShiftRight0                                       ;
; 10:1               ; 4 bits    ; 24 LEs        ; 24 LEs               ; 0 LEs                  ; No         ; |expanda_integrated_top|shared_shake128_mem:shake|ShiftLeft2                                        ;
; 11:1               ; 4 bits    ; 28 LEs        ; 28 LEs               ; 0 LEs                  ; No         ; |expanda_integrated_top|shared_shake128_mem:shake|ShiftRight0                                       ;
; 10:1               ; 4 bits    ; 24 LEs        ; 16 LEs               ; 8 LEs                  ; No         ; |expanda_integrated_top|ctrl_state                                                                  ;
; 10:1               ; 3 bits    ; 18 LEs        ; 9 LEs                ; 9 LEs                  ; No         ; |expanda_integrated_top|shared_shake128_mem:shake|perm_return                                       ;
; 11:1               ; 2 bits    ; 14 LEs        ; 8 LEs                ; 6 LEs                  ; No         ; |expanda_integrated_top|ctrl_state                                                                  ;
; 19:1               ; 3 bits    ; 36 LEs        ; 12 LEs               ; 24 LEs                 ; No         ; |expanda_integrated_top|shared_shake128_mem:shake|fsm                                               ;
; 19:1               ; 2 bits    ; 24 LEs        ; 10 LEs               ; 14 LEs                 ; No         ; |expanda_integrated_top|shared_shake128_mem:shake|fsm                                               ;
; 21:1               ; 2 bits    ; 28 LEs        ; 10 LEs               ; 18 LEs                 ; No         ; |expanda_integrated_top|shared_shake128_mem:shake|fsm                                               ;
; 6:1                ; 2 bits    ; 8 LEs         ; 4 LEs                ; 4 LEs                  ; Yes        ; |expanda_integrated_top|expanda_stream_top:core|lane[0]                                             ;
; 6:1                ; 6 bits    ; 24 LEs        ; 12 LEs               ; 12 LEs                 ; Yes        ; |expanda_integrated_top|expanda_stream_top:core|word_index[3]                                       ;
; 7:1                ; 7 bits    ; 28 LEs        ; 14 LEs               ; 14 LEs                 ; Yes        ; |expanda_integrated_top|expanda_stream_top:core|packed_word[1]                                      ;
; 10:1               ; 8 bits    ; 48 LEs        ; 0 LEs                ; 48 LEs                 ; Yes        ; |expanda_integrated_top|expanda_stream_top:core|packed_word[8]                                      ;
; 12:1               ; 7 bits    ; 56 LEs        ; 21 LEs               ; 35 LEs                 ; Yes        ; |expanda_integrated_top|expanda_stream_top:core|packed_word[28]                                     ;
; 12:1               ; 7 bits    ; 56 LEs        ; 21 LEs               ; 35 LEs                 ; Yes        ; |expanda_integrated_top|expanda_stream_top:core|packed_word[61]                                     ;
; 12:1               ; 7 bits    ; 56 LEs        ; 21 LEs               ; 35 LEs                 ; Yes        ; |expanda_integrated_top|expanda_stream_top:core|packed_word[21]                                     ;
; 12:1               ; 7 bits    ; 56 LEs        ; 21 LEs               ; 35 LEs                 ; Yes        ; |expanda_integrated_top|expanda_stream_top:core|packed_word[53]                                     ;
; 12:1               ; 7 bits    ; 56 LEs        ; 14 LEs               ; 42 LEs                 ; Yes        ; |expanda_integrated_top|expanda_stream_top:core|packed_word[41]                                     ;
; 12:1               ; 8 bits    ; 64 LEs        ; 0 LEs                ; 64 LEs                 ; Yes        ; |expanda_integrated_top|expanda_stream_top:core|packed_word[39]                                     ;
; 12:1               ; 8 bits    ; 64 LEs        ; 0 LEs                ; 64 LEs                 ; Yes        ; |expanda_integrated_top|expanda_stream_top:core|packed_word[64]                                     ;
+--------------------+-----------+---------------+----------------------+------------------------+------------+-----------------------------------------------------------------------------------------------------+


+---------------------------------------------------------------------------------------------------------------------------------+
; Source assignments for expanda_stream_top:core|expanda_row_buffer:buffer|altsyncram:memory_rtl_0|altsyncram_24q1:auto_generated ;
+---------------------------------+--------------------+------+-------------------------------------------------------------------+
; Assignment                      ; Value              ; From ; To                                                                ;
+---------------------------------+--------------------+------+-------------------------------------------------------------------+
; OPTIMIZE_POWER_DURING_SYNTHESIS ; NORMAL_COMPILATION ; -    ; -                                                                 ;
+---------------------------------+--------------------+------+-------------------------------------------------------------------+


+------------------------------------------------------------------------------+
; Parameter Settings for User Entity Instance: expanda_word_to_byte:serializer ;
+----------------+-------+-----------------------------------------------------+
; Parameter Name ; Value ; Type                                                ;
+----------------+-------+-----------------------------------------------------+
; MSB_FIRST      ; 0     ; Signed Integer                                      ;
; WORD_BITS      ; 128   ; Signed Integer                                      ;
+----------------+-------+-----------------------------------------------------+
Note: In order to hide this table in the UI and the text report file, please set the "Show Parameter Settings in Synthesis Report" option in "Analysis and Synthesis Settings -> More Settings" to "Off".


+----------------------------------------------------------------------------------------------------------------------------+
; Parameter Settings for Inferred Entity Instance: expanda_stream_top:core|expanda_row_buffer:buffer|altsyncram:memory_rtl_0 ;
+------------------------------------+----------------------+----------------------------------------------------------------+
; Parameter Name                     ; Value                ; Type                                                           ;
+------------------------------------+----------------------+----------------------------------------------------------------+
; BYTE_SIZE_BLOCK                    ; 8                    ; Untyped                                                        ;
; AUTO_CARRY_CHAINS                  ; ON                   ; AUTO_CARRY                                                     ;
; IGNORE_CARRY_BUFFERS               ; OFF                  ; IGNORE_CARRY                                                   ;
; AUTO_CASCADE_CHAINS                ; ON                   ; AUTO_CASCADE                                                   ;
; IGNORE_CASCADE_BUFFERS             ; OFF                  ; IGNORE_CASCADE                                                 ;
; WIDTH_BYTEENA                      ; 1                    ; Untyped                                                        ;
; OPERATION_MODE                     ; DUAL_PORT            ; Untyped                                                        ;
; WIDTH_A                            ; 95                   ; Untyped                                                        ;
; WIDTHAD_A                          ; 8                    ; Untyped                                                        ;
; NUMWORDS_A                         ; 256                  ; Untyped                                                        ;
; OUTDATA_REG_A                      ; UNREGISTERED         ; Untyped                                                        ;
; ADDRESS_ACLR_A                     ; NONE                 ; Untyped                                                        ;
; OUTDATA_ACLR_A                     ; NONE                 ; Untyped                                                        ;
; WRCONTROL_ACLR_A                   ; NONE                 ; Untyped                                                        ;
; INDATA_ACLR_A                      ; NONE                 ; Untyped                                                        ;
; BYTEENA_ACLR_A                     ; NONE                 ; Untyped                                                        ;
; WIDTH_B                            ; 95                   ; Untyped                                                        ;
; WIDTHAD_B                          ; 8                    ; Untyped                                                        ;
; NUMWORDS_B                         ; 256                  ; Untyped                                                        ;
; INDATA_REG_B                       ; CLOCK1               ; Untyped                                                        ;
; WRCONTROL_WRADDRESS_REG_B          ; CLOCK1               ; Untyped                                                        ;
; RDCONTROL_REG_B                    ; CLOCK0               ; Untyped                                                        ;
; ADDRESS_REG_B                      ; CLOCK0               ; Untyped                                                        ;
; OUTDATA_REG_B                      ; UNREGISTERED         ; Untyped                                                        ;
; BYTEENA_REG_B                      ; CLOCK1               ; Untyped                                                        ;
; INDATA_ACLR_B                      ; NONE                 ; Untyped                                                        ;
; WRCONTROL_ACLR_B                   ; NONE                 ; Untyped                                                        ;
; ADDRESS_ACLR_B                     ; NONE                 ; Untyped                                                        ;
; OUTDATA_ACLR_B                     ; NONE                 ; Untyped                                                        ;
; RDCONTROL_ACLR_B                   ; NONE                 ; Untyped                                                        ;
; BYTEENA_ACLR_B                     ; NONE                 ; Untyped                                                        ;
; WIDTH_BYTEENA_A                    ; 1                    ; Untyped                                                        ;
; WIDTH_BYTEENA_B                    ; 1                    ; Untyped                                                        ;
; RAM_BLOCK_TYPE                     ; AUTO                 ; Untyped                                                        ;
; BYTE_SIZE                          ; 8                    ; Untyped                                                        ;
; READ_DURING_WRITE_MODE_MIXED_PORTS ; OLD_DATA             ; Untyped                                                        ;
; READ_DURING_WRITE_MODE_PORT_A      ; NEW_DATA_NO_NBE_READ ; Untyped                                                        ;
; READ_DURING_WRITE_MODE_PORT_B      ; NEW_DATA_NO_NBE_READ ; Untyped                                                        ;
; INIT_FILE                          ; UNUSED               ; Untyped                                                        ;
; INIT_FILE_LAYOUT                   ; PORT_A               ; Untyped                                                        ;
; MAXIMUM_DEPTH                      ; 0                    ; Untyped                                                        ;
; CLOCK_ENABLE_INPUT_A               ; NORMAL               ; Untyped                                                        ;
; CLOCK_ENABLE_INPUT_B               ; NORMAL               ; Untyped                                                        ;
; CLOCK_ENABLE_OUTPUT_A              ; NORMAL               ; Untyped                                                        ;
; CLOCK_ENABLE_OUTPUT_B              ; NORMAL               ; Untyped                                                        ;
; CLOCK_ENABLE_CORE_A                ; USE_INPUT_CLKEN      ; Untyped                                                        ;
; CLOCK_ENABLE_CORE_B                ; USE_INPUT_CLKEN      ; Untyped                                                        ;
; ENABLE_ECC                         ; FALSE                ; Untyped                                                        ;
; ECC_PIPELINE_STAGE_ENABLED         ; FALSE                ; Untyped                                                        ;
; WIDTH_ECCSTATUS                    ; 3                    ; Untyped                                                        ;
; DEVICE_FAMILY                      ; Cyclone V            ; Untyped                                                        ;
; CBXI_PARAMETER                     ; altsyncram_24q1      ; Untyped                                                        ;
+------------------------------------+----------------------+----------------------------------------------------------------+
Note: In order to hide this table in the UI and the text report file, please set the "Show Parameter Settings in Synthesis Report" option in "Analysis and Synthesis Settings -> More Settings" to "Off".


+-----------------------------------------------------------------------------------------------------------------------+
; altsyncram Parameter Settings by Entity Instance                                                                      ;
+-------------------------------------------+---------------------------------------------------------------------------+
; Name                                      ; Value                                                                     ;
+-------------------------------------------+---------------------------------------------------------------------------+
; Number of entity instances                ; 1                                                                         ;
; Entity Instance                           ; expanda_stream_top:core|expanda_row_buffer:buffer|altsyncram:memory_rtl_0 ;
;     -- OPERATION_MODE                     ; DUAL_PORT                                                                 ;
;     -- WIDTH_A                            ; 95                                                                        ;
;     -- NUMWORDS_A                         ; 256                                                                       ;
;     -- OUTDATA_REG_A                      ; UNREGISTERED                                                              ;
;     -- WIDTH_B                            ; 95                                                                        ;
;     -- NUMWORDS_B                         ; 256                                                                       ;
;     -- ADDRESS_REG_B                      ; CLOCK0                                                                    ;
;     -- OUTDATA_REG_B                      ; UNREGISTERED                                                              ;
;     -- RAM_BLOCK_TYPE                     ; AUTO                                                                      ;
;     -- READ_DURING_WRITE_MODE_MIXED_PORTS ; OLD_DATA                                                                  ;
+-------------------------------------------+---------------------------------------------------------------------------+


+-------------------------------------------------------------------------------+
; Port Connectivity Checks: "expanda_stream_top:core|expanda_row_buffer:buffer" ;
+----------------+-------+----------+-------------------------------------------+
; Port           ; Type  ; Severity ; Details                                   ;
+----------------+-------+----------+-------------------------------------------+
; write_data[95] ; Input ; Info     ; Stuck at GND                              ;
+----------------+-------+----------+-------------------------------------------+


+----------------------------------------------------------------------------------------------------------------------+
; Port Connectivity Checks: "expanda_stream_top:core|expanda_rejection_sampler:sampler"                                ;
+------------+--------+----------+-------------------------------------------------------------------------------------+
; Port       ; Type   ; Severity ; Details                                                                             ;
+------------+--------+----------+-------------------------------------------------------------------------------------+
; coeff_last ; Output ; Info     ; Connected to dangling logic. Logic that only feeds a dangling port will be removed. ;
; busy       ; Output ; Info     ; Connected to dangling logic. Logic that only feeds a dangling port will be removed. ;
+------------+--------+----------+-------------------------------------------------------------------------------------+


+---------------------------------------------------------------------------------------------------------------------------------+
; Port Connectivity Checks: "shared_shake128_mem:shake"                                                                           ;
+-----------------------+--------+----------+-------------------------------------------------------------------------------------+
; Port                  ; Type   ; Severity ; Details                                                                             ;
+-----------------------+--------+----------+-------------------------------------------------------------------------------------+
; shake_in_nbytes[3..2] ; Input  ; Info     ; Stuck at GND                                                                        ;
; shake_in_nbytes[0]    ; Input  ; Info     ; Stuck at GND                                                                        ;
; shake_ready           ; Output ; Info     ; Connected to dangling logic. Logic that only feeds a dangling port will be removed. ;
+-----------------------+--------+----------+-------------------------------------------------------------------------------------+


+-----------------------------------------------------+
; Post-Synthesis Netlist Statistics for Top Partition ;
+-----------------------+-----------------------------+
; Type                  ; Count                       ;
+-----------------------+-----------------------------+
; arriav_ff             ; 2717                        ;
;     ENA               ; 179                         ;
;     ENA SCLR          ; 2063                        ;
;     ENA SCLR SLD      ; 395                         ;
;     SCLR              ; 11                          ;
;     plain             ; 69                          ;
; arriav_lcell_comb     ; 6582                        ;
;     arith             ; 23                          ;
;         0 data inputs ; 1                           ;
;         1 data inputs ; 19                          ;
;         2 data inputs ; 3                           ;
;     extend            ; 19                          ;
;         7 data inputs ; 19                          ;
;     normal            ; 6540                        ;
;         0 data inputs ; 1                           ;
;         1 data inputs ; 1                           ;
;         2 data inputs ; 260                         ;
;         3 data inputs ; 170                         ;
;         4 data inputs ; 553                         ;
;         5 data inputs ; 1066                        ;
;         6 data inputs ; 4489                        ;
; boundary_port         ; 373                         ;
; stratixv_ram_block    ; 95                          ;
;                       ;                             ;
; Max LUT depth         ; 6.00                        ;
; Average LUT depth     ; 3.98                        ;
+-----------------------+-----------------------------+


+-------------------------------+
; Elapsed Time Per Partition    ;
+----------------+--------------+
; Partition Name ; Elapsed Time ;
+----------------+--------------+
; Top            ; 00:00:15     ;
+----------------+--------------+


+-------------------------------+
; Analysis & Synthesis Messages ;
+-------------------------------+
Info: *******************************************************************
Info: Running Quartus Prime Analysis & Synthesis
    Info: Version 23.1std.1 Build 993 05/14/2024 SC Lite Edition
    Info: Copyright (C) 2024  Intel Corporation. All rights reserved.
    Info: Your use of Intel Corporation's design tools, logic functions 
    Info: and other software and tools, and any partner logic 
    Info: functions, and any output files from any of the foregoing 
    Info: (including device programming or simulation files), and any 
    Info: associated documentation or information are expressly subject 
    Info: to the terms and conditions of the Intel Program License 
    Info: Subscription Agreement, the Intel Quartus Prime License Agreement,
    Info: the Intel FPGA IP License Agreement, or other applicable license
    Info: agreement, including, without limitation, that your use is for
    Info: the sole purpose of programming logic devices manufactured by
    Info: Intel and sold by Intel or its authorized distributors.  Please
    Info: refer to the applicable agreement for further details, at
    Info: https://fpgasoftware.intel.com/eula.
    Info: Processing started: Thu Oct  8 17:15:42 2026
Info: Command: quartus_map expanda_memory --read_settings_files=on --write_settings_files=off
Info (20032): Parallel compilation is enabled and will use up to 2 processors
Info (12021): Found 1 design units, including 1 entities, in source file /users/angelina/documents/ml_dsa/rtl/expanda_integrated_top.sv
    Info (12023): Found entity 1: expanda_integrated_top File: C:/Users/Angelina/Documents/ML_DSA/rtl/expanda_integrated_top.sv Line: 4
Info (12021): Found 1 design units, including 1 entities, in source file /users/angelina/documents/ml_dsa/rtl/expanda_rejection_sampler.sv
    Info (12023): Found entity 1: expanda_rejection_sampler File: C:/Users/Angelina/Documents/ML_DSA/rtl/expanda_rejection_sampler.sv Line: 3
Info (12021): Found 1 design units, including 1 entities, in source file /users/angelina/documents/ml_dsa/rtl/expanda_row_buffer.sv
    Info (12023): Found entity 1: expanda_row_buffer File: C:/Users/Angelina/Documents/ML_DSA/rtl/expanda_row_buffer.sv Line: 3
Info (12021): Found 1 design units, including 1 entities, in source file /users/angelina/documents/ml_dsa/rtl/expanda_stream_top.sv
    Info (12023): Found entity 1: expanda_stream_top File: C:/Users/Angelina/Documents/ML_DSA/rtl/expanda_stream_top.sv Line: 3
Info (12021): Found 1 design units, including 1 entities, in source file /users/angelina/documents/ml_dsa/rtl/expanda_word_to_byte.sv
    Info (12023): Found entity 1: expanda_word_to_byte File: C:/Users/Angelina/Documents/ML_DSA/rtl/expanda_word_to_byte.sv Line: 3
Info (12021): Found 1 design units, including 1 entities, in source file /users/angelina/documents/ml_dsa/third_party/shake128_package/shake128_memory/shared_shake128_mem.v
    Info (12023): Found entity 1: shared_shake128_mem File: C:/Users/Angelina/Documents/ML_DSA/third_party/shake128_package/shake128_memory/shared_shake128_mem.v Line: 27
Info (12127): Elaborating entity "expanda_integrated_top" for the top level hierarchy
Info (12128): Elaborating entity "shared_shake128_mem" for hierarchy "shared_shake128_mem:shake" File: C:/Users/Angelina/Documents/ML_DSA/rtl/expanda_integrated_top.sv Line: 82
Warning (10230): Verilog HDL assignment warning at shared_shake128_mem.v(394): truncated value with size 64 to match size of target (8) File: C:/Users/Angelina/Documents/ML_DSA/third_party/shake128_package/shake128_memory/shared_shake128_mem.v Line: 394
Info (12128): Elaborating entity "expanda_word_to_byte" for hierarchy "expanda_word_to_byte:serializer" File: C:/Users/Angelina/Documents/ML_DSA/rtl/expanda_integrated_top.sv Line: 87
Info (12128): Elaborating entity "expanda_stream_top" for hierarchy "expanda_stream_top:core" File: C:/Users/Angelina/Documents/ML_DSA/rtl/expanda_integrated_top.sv Line: 96
Info (12128): Elaborating entity "expanda_rejection_sampler" for hierarchy "expanda_stream_top:core|expanda_rejection_sampler:sampler" File: C:/Users/Angelina/Documents/ML_DSA/rtl/expanda_stream_top.sv Line: 51
Info (12128): Elaborating entity "expanda_row_buffer" for hierarchy "expanda_stream_top:core|expanda_row_buffer:buffer" File: C:/Users/Angelina/Documents/ML_DSA/rtl/expanda_stream_top.sv Line: 57
Info (276014): Found 1 instances of uninferred RAM logic
    Info (276004): RAM logic "shared_shake128_mem:shake|Ram0" is uninferred due to inappropriate RAM size File: C:/Users/Angelina/Documents/ML_DSA/third_party/shake128_package/shake128_memory/shared_shake128_mem.v Line: 165
Info (19000): Inferred 1 megafunctions from design logic
    Info (276029): Inferred altsyncram megafunction from the following design logic: "expanda_stream_top:core|expanda_row_buffer:buffer|memory_rtl_0" 
        Info (286033): Parameter OPERATION_MODE set to DUAL_PORT
        Info (286033): Parameter WIDTH_A set to 95
        Info (286033): Parameter WIDTHAD_A set to 8
        Info (286033): Parameter NUMWORDS_A set to 256
        Info (286033): Parameter WIDTH_B set to 95
        Info (286033): Parameter WIDTHAD_B set to 8
        Info (286033): Parameter NUMWORDS_B set to 256
        Info (286033): Parameter ADDRESS_ACLR_A set to NONE
        Info (286033): Parameter OUTDATA_REG_B set to UNREGISTERED
        Info (286033): Parameter ADDRESS_ACLR_B set to NONE
        Info (286033): Parameter OUTDATA_ACLR_B set to NONE
        Info (286033): Parameter ADDRESS_REG_B set to CLOCK0
        Info (286033): Parameter INDATA_ACLR_A set to NONE
        Info (286033): Parameter WRCONTROL_ACLR_A set to NONE
        Info (286033): Parameter READ_DURING_WRITE_MODE_MIXED_PORTS set to OLD_DATA
        Info (286033): Parameter RDCONTROL_REG_B set to CLOCK0
Info (12130): Elaborated megafunction instantiation "expanda_stream_top:core|expanda_row_buffer:buffer|altsyncram:memory_rtl_0"
Info (12133): Instantiated megafunction "expanda_stream_top:core|expanda_row_buffer:buffer|altsyncram:memory_rtl_0" with the following parameter:
    Info (12134): Parameter "OPERATION_MODE" = "DUAL_PORT"
    Info (12134): Parameter "WIDTH_A" = "95"
    Info (12134): Parameter "WIDTHAD_A" = "8"
    Info (12134): Parameter "NUMWORDS_A" = "256"
    Info (12134): Parameter "WIDTH_B" = "95"
    Info (12134): Parameter "WIDTHAD_B" = "8"
    Info (12134): Parameter "NUMWORDS_B" = "256"
    Info (12134): Parameter "ADDRESS_ACLR_A" = "NONE"
    Info (12134): Parameter "OUTDATA_REG_B" = "UNREGISTERED"
    Info (12134): Parameter "ADDRESS_ACLR_B" = "NONE"
    Info (12134): Parameter "OUTDATA_ACLR_B" = "NONE"
    Info (12134): Parameter "ADDRESS_REG_B" = "CLOCK0"
    Info (12134): Parameter "INDATA_ACLR_A" = "NONE"
    Info (12134): Parameter "WRCONTROL_ACLR_A" = "NONE"
    Info (12134): Parameter "READ_DURING_WRITE_MODE_MIXED_PORTS" = "OLD_DATA"
    Info (12134): Parameter "RDCONTROL_REG_B" = "CLOCK0"
Info (12021): Found 1 design units, including 1 entities, in source file db/altsyncram_24q1.tdf
    Info (12023): Found entity 1: altsyncram_24q1 File: C:/Users/Angelina/Documents/ML_DSA/results/quartus_memory/db/altsyncram_24q1.tdf Line: 28
Warning (13024): Output pins are stuck at VCC or GND
    Warning (13410): Pin "row_read_data[95]" is stuck at GND File: C:/Users/Angelina/Documents/ML_DSA/rtl/expanda_integrated_top.sv Line: 14
Info (286030): Timing-Driven Synthesis is running
Info (17049): 9 registers lost all their fanouts during netlist optimizations.
Info (16010): Generating hard_block partition "hard_block:auto_generated_inst"
    Info (16011): Adding 0 node(s), including 0 DDIO, 0 PLL, 0 transceiver and 0 LCELL
Info (21057): Implemented 9094 device resources after synthesis - the final resource count might be different
    Info (21058): Implemented 269 input pins
    Info (21059): Implemented 104 output pins
    Info (21061): Implemented 8626 logic cells
    Info (21064): Implemented 95 RAM segments
Info: Quartus Prime Analysis & Synthesis was successful. 0 errors, 3 warnings
    Info: Peak virtual memory: 5022 megabytes
    Info: Processing ended: Thu Oct  8 17:16:08 2026
    Info: Elapsed time: 00:00:26
    Info: Total CPU time (on all processors): 00:00:09


