------------------------------------------------------------
Timing Analyzer Summary
------------------------------------------------------------

Type  : Slow 1100mV 100C Model Setup 'clk'
Slack : 0.494
TNS   : 0.000

Type  : Slow 1100mV 100C Model Hold 'clk'
Slack : 0.371
TNS   : 0.000

Type  : Slow 1100mV 100C Model Minimum Pulse Width 'clk'
Slack : 3.737
TNS   : 0.000

Type  : Slow 1100mV -40C Model Setup 'clk'
Slack : 0.646
TNS   : 0.000

Type  : Slow 1100mV -40C Model Hold 'clk'
Slack : 0.325
TNS   : 0.000

Type  : Slow 1100mV -40C Model Minimum Pulse Width 'clk'
Slack : 3.770
TNS   : 0.000

Type  : Fast 1100mV 100C Model Setup 'clk'
Slack : 4.386
TNS   : 0.000

Type  : Fast 1100mV 100C Model Hold 'clk'
Slack : 0.160
TNS   : 0.000

Type  : Fast 1100mV 100C Model Minimum Pulse Width 'clk'
Slack : 3.585
TNS   : 0.000

Type  : Fast 1100mV -40C Model Setup 'clk'
Slack : 5.366
TNS   : 0.000

Type  : Fast 1100mV -40C Model Hold 'clk'
Slack : 0.142
TNS   : 0.000

Type  : Fast 1100mV -40C Model Minimum Pulse Width 'clk'
Slack : 3.540
TNS   : 0.000

------------------------------------------------------------
